gcc -g p6original.c
îº§ gdb a.out
GNU gdb (Ubuntu 8.1.1-0ubuntu1) 8.1.1
Copyright (C) 2018 Free Software Foundation, Inc.
License GPLv3+: GNU GPL version 3 or later <http://gnu.org/licenses/gpl.html>
This is free software: you are free to change and redistribute it.
There is NO WARRANTY, to the extent permitted by law.  Type "show copying"
and "show warranty" for details.
This GDB was configured as "x86_64-linux-gnu".
Type "show configuration" for configuration details.
For bug reporting instructions, please see:
<http://www.gnu.org/software/gdb/bugs/>.
Find the GDB manual and other documentation resources online at:
<http://www.gnu.org/software/gdb/documentation/>.
For help, type "help".
Type "apropos word" to search for commands related to "word"...
Reading symbols from a.out...done.
(gdb) b main
Breakpoint 1 at 0x81f: file p6original.c, line 25.
(gdb) r
Starting program: /home/runner/test4-Gayatri120613-15/a.out 
warning: Error disabling address space randomization: Operation not permitted

Breakpoint 1, main () at p6original.c:25
25    int a=input();
(gdb) s
input () at p6original.c:3
3   {
(gdb) n
5     printf("enter a number\n");
(gdb) n
enter a number
6     scanf("%d",&n);
(gdb) n
5 
7     return n;
(gdb) n
8   }
(gdb) n
main () at p6original.c:26
26    int b=calculate(a);
(gdb) s
calculate (n=5) at p6original.c:11
11    int i, sum=0;
(gdb) n
12    for (i=1;i<=n;++i)
(gdb) n
14      sum +=i;
(gdb) n
12    for (i=1;i<=n;++i)
(gdb) n
14      sum +=i;
(gdb) n
12    for (i=1;i<=n;++i)
(gdb) n
14      sum +=i;
(gdb) n
12    for (i=1;i<=n;++i)
(gdb) n
14      sum +=i;
(gdb) n
12    for (i=1;i<=n;++i)
(gdb) n
14      sum +=i;
(gdb) n
12    for (i=1;i<=n;++i)
(gdb) n
16    return sum;
(gdb) n
17  }
(gdb) n
main () at p6original.c:27
27    output(a,b);
(gdb) s
output (n=5, sum=15) at p6original.c:20
20    printf("sum=%d", sum);
(gdb) n
21    return 0;
(gdb) n
22  }
(gdb) n
main () at p6original.c:28
28    return 0;
(gdb) n
29  }(gdb) n
__libc_start_main (main=0x56318b400817 <main>, argc=1, argv=0x7ffd37bb2118, 
    init=<optimized out>, fini=<optimized out>, rtld_fini=<optimized out>, 
    stack_end=0x7ffd37bb2108) at ../csu/libc-start.c:344
344 ../csu/libc-start.c: No such file or directory.
(gdb) c
Continuing.
sum=15[Inferior 1 (process 576) exited normally]
(gdb) 